// Jest Snapshot v1, https://goo.gl/fbAQLP

exports[`<Main /> should render the heading 1`] = `
.c0 {
  background-color: #06092b;
  color: #fff;
  width: 100%;
  height: 100%;
  display: -webkit-box;
  display: -webkit-flex;
  display: -ms-flexbox;
  display: flex;
  -webkit-flex-direction: column;
  -ms-flex-direction: column;
  flex-direction: column;
  padding: 3rem;
  -webkit-box-pack: center;
  -webkit-justify-content: center;
  -ms-flex-pack: center;
  justify-content: center;
  -webkit-align-items: center;
  -webkit-box-align: center;
  -ms-flex-align: center;
  align-items: center;
  text-align: center;
}

.c1 {
  width: 32rem;
  height: auto;
  margin-bottom: 5rem;
}

.c2 {
  font-size: 2.5rem;
}

.c3 {
  font-size: 2rem;
  font-weight: 400;
}

.c4 {
  margin-top: 3rem;
  width: min(30rem,100%);
}

<main
  class="c0"
>
  <img
    alt="Imagem de um átomo e ao lado escrito React Avançado"
    class="c1"
    src="/img/logo.svg"
  />
  <h1
    class="c2"
  >
    React Avançado
  </h1>
  <h2
    class="c3"
  >
    Typescript, ReactJS, NextJS e Styled Components
  </h2>
  <img
    alt="Uma imagem estilizada de um menino programador sentado em frente de um computador com uma tela com código"
    class="c4"
    src="/img/hero-illustration.svg"
  />
</main>
`
